[    0.000000] Initializing cgroup subsys cpuset
[    0.000000] Initializing cgroup subsys cpu
[    0.000000] Initializing cgroup subsys cpuacct
[    0.000000] Linux version 4.4.0-78-generic (buildd@lgw01-11) (gcc version 5.4.0 20160609 (Ubuntu 5.4.0-6ubuntu1~16.04.4) ) #99-Ubuntu SMP Thu Apr 27 15:29:09 UTC 2017 (Ubuntu 4.4.0-78.99-generic 4.4.62)
[    0.000000] Command line: BOOT_IMAGE=/boot/vmlinuz-4.4.0-78-generic root=LABEL=cloudimg-rootfs ro console=tty1 console=ttyS0
[    0.000000] KERNEL supported cpus:
[    0.000000]   Intel GenuineIntel
[    0.000000]   AMD AuthenticAMD
[    0.000000]   Centaur CentaurHauls
[    0.000000] x86/fpu: xstate_offset[2]:  576, xstate_sizes[2]:  256
[    0.000000] x86/fpu: Supporting XSAVE feature 0x01: 'x87 floating point registers'
[    0.000000] x86/fpu: Supporting XSAVE feature 0x02: 'SSE registers'
[    0.000000] x86/fpu: Supporting XSAVE feature 0x04: 'AVX registers'
[    0.000000] x86/fpu: Enabled xstate features 0x7, context size is 832 bytes, using 'standard' format.
[    0.000000] x86/fpu: Using 'lazy' FPU context switches.
[    0.000000] e820: BIOS-provided physical RAM map:
[    0.000000] BIOS-e820: [mem 0x0000000000000000-0x000000000009fbff] usable
[    0.000000] BIOS-e820: [mem 0x000000000009fc00-0x000000000009ffff] reserved
[    0.000000] BIOS-e820: [mem 0x00000000000f0000-0x00000000000fffff] reserved
[    0.000000] BIOS-e820: [mem 0x0000000000100000-0x000000003ffeffff] usable
[    0.000000] BIOS-e820: [mem 0x000000003fff0000-0x000000003fffffff] ACPI data
[    0.000000] BIOS-e820: [mem 0x00000000fec00000-0x00000000fec00fff] reserved
[    0.000000] BIOS-e820: [mem 0x00000000fee00000-0x00000000fee00fff] reserved
[    0.000000] BIOS-e820: [mem 0x00000000fffc0000-0x00000000ffffffff] reserved
[    0.000000] NX (Execute Disable) protection: active
[    0.000000] SMBIOS 2.5 present.
[    0.000000] Hypervisor detected: KVM
[    0.000000] e820: last_pfn = 0x3fff0 max_arch_pfn = 0x400000000
[    0.000000] MTRR: Disabled
[    0.000000] x86/PAT: MTRRs disabled, skipping PAT initialization too.
[    0.000000] x86/PAT: Configuration [0-7]: WB  WT  UC- UC  WB  WT  UC- UC  
[    0.000000] CPU MTRRs all blank - virtualized system.
[    0.000000] found SMP MP-table at [mem 0x0009fff0-0x0009ffff] mapped at [ffff88000009fff0]
[    0.000000] Scanning 1 areas for low memory corruption
[    0.000000] RAMDISK: [mem 0x36af2000-0x37570fff]
[    0.000000] ACPI: Early table checksum verification disabled
[    0.000000] ACPI: RSDP 0x00000000000E0000 000024 (v02 VBOX  )
[    0.000000] ACPI: XSDT 0x000000003FFF0030 00003C (v01 VBOX   VBOXXSDT 00000001 ASL  00000061)
[    0.000000] ACPI: FACP 0x000000003FFF00F0 0000F4 (v04 VBOX   VBOXFACP 00000001 ASL  00000061)
[    0.000000] ACPI: DSDT 0x000000003FFF0470 00210F (v01 VBOX   VBOXBIOS 00000002 INTL 20100528)
[    0.000000] ACPI: FACS 0x000000003FFF0200 000040
[    0.000000] ACPI: FACS 0x000000003FFF0200 000040
[    0.000000] ACPI: APIC 0x000000003FFF0240 00005C (v02 VBOX   VBOXAPIC 00000001 ASL  00000061)
[    0.000000] ACPI: SSDT 0x000000003FFF02A0 0001CC (v01 VBOX   VBOXCPUT 00000002 INTL 20100528)
[    0.000000] No NUMA configuration found
[    0.000000] Faking a node at [mem 0x0000000000000000-0x000000003ffeffff]
[    0.000000] NODE_DATA(0) allocated [mem 0x3ffeb000-0x3ffeffff]
[    0.000000] kvm-clock: Using msrs 4b564d01 and 4b564d00
[    0.000000] kvm-clock: cpu 0, msr 0:3ffe3001, primary cpu clock
[    0.000000] kvm-clock: using sched offset of 3652579419 cycles
[    0.000000] clocksource: kvm-clock: mask: 0xffffffffffffffff max_cycles: 0x1cd42e4dffb, max_idle_ns: 881590591483 ns
[    0.000000] Zone ranges:
[    0.000000]   DMA      [mem 0x0000000000001000-0x0000000000ffffff]
[    0.000000]   DMA32    [mem 0x0000000001000000-0x000000003ffeffff]
[    0.000000]   Normal   empty
[    0.000000]   Device   empty
[    0.000000] Movable zone start for each node
[    0.000000] Early memory node ranges
[    0.000000]   node   0: [mem 0x0000000000001000-0x000000000009efff]
[    0.000000]   node   0: [mem 0x0000000000100000-0x000000003ffeffff]
[    0.000000] Initmem setup node 0 [mem 0x0000000000001000-0x000000003ffeffff]
[    0.000000] ACPI: PM-Timer IO Port: 0x4008
[    0.000000] IOAPIC[0]: apic_id 2, version 32, address 0xfec00000, GSI 0-23
[    0.000000] ACPI: INT_SRC_OVR (bus 0 bus_irq 0 global_irq 2 dfl dfl)
[    0.000000] ACPI: INT_SRC_OVR (bus 0 bus_irq 9 global_irq 9 high level)
[    0.000000] Using ACPI (MADT) for SMP configuration information
[    0.000000] smpboot: Allowing 2 CPUs, 0 hotplug CPUs
[    0.000000] PM: Registered nosave memory: [mem 0x00000000-0x00000fff]
[    0.000000] PM: Registered nosave memory: [mem 0x0009f000-0x0009ffff]
[    0.000000] PM: Registered nosave memory: [mem 0x000a0000-0x000effff]
[    0.000000] PM: Registered nosave memory: [mem 0x000f0000-0x000fffff]
[    0.000000] e820: [mem 0x40000000-0xfebfffff] available for PCI devices
[    0.000000] Booting paravirtualized kernel on KVM
[    0.000000] clocksource: refined-jiffies: mask: 0xffffffff max_cycles: 0xffffffff, max_idle_ns: 7645519600211568 ns
[    0.000000] setup_percpu: NR_CPUS:512 nr_cpumask_bits:512 nr_cpu_ids:2 nr_node_ids:1
[    0.000000] PERCPU: Embedded 33 pages/cpu @ffff88003fc00000 s98264 r8192 d28712 u1048576
[    0.000000] PV qspinlock hash table entries: 256 (order: 0, 4096 bytes)
[    0.000000] Built 1 zonelists in Node order, mobility grouping on.  Total pages: 257913
[    0.000000] Policy zone: DMA32
[    0.000000] Kernel command line: BOOT_IMAGE=/boot/vmlinuz-4.4.0-78-generic root=LABEL=cloudimg-rootfs ro console=tty1 console=ttyS0
[    0.000000] PID hash table entries: 4096 (order: 3, 32768 bytes)
[    0.000000] Memory: 1001832K/1048120K available (8469K kernel code, 1294K rwdata, 3984K rodata, 1484K init, 1316K bss, 46288K reserved, 0K cma-reserved)
[    0.000000] SLUB: HWalign=64, Order=0-3, MinObjects=0, CPUs=2, Nodes=1
[    0.000000] Hierarchical RCU implementation.
[    0.000000] 	Build-time adjustment of leaf fanout to 64.
[    0.000000] 	RCU restricting CPUs from NR_CPUS=512 to nr_cpu_ids=2.
[    0.000000] RCU: Adjusting geometry for rcu_fanout_leaf=64, nr_cpu_ids=2
[    0.000000] NR_IRQS:33024 nr_irqs:440 16
[    0.000000] Console: colour VGA+ 80x25
[    0.000000] console [tty1] enabled
[    0.000000] console [ttyS0] enabled
[    0.000000] tsc: Detected 1999.999 MHz processor
[    2.354161] Calibrating delay loop (skipped) preset value.. 3999.99 BogoMIPS (lpj=7999996)
[    2.358983] pid_max: default: 32768 minimum: 301
[    2.369288] ACPI: Core revision 20150930
[    2.379134] ACPI: 2 ACPI AML tables successfully acquired and loaded
[    2.395308] Security Framework initialized
[    2.398041] Yama: becoming mindful.
[    2.405536] AppArmor: AppArmor initialized
[    2.408360] Dentry cache hash table entries: 131072 (order: 8, 1048576 bytes)
[    2.414563] Inode-cache hash table entries: 65536 (order: 7, 524288 bytes)
[    2.427842] Mount-cache hash table entries: 2048 (order: 2, 16384 bytes)
[    2.447802] Mountpoint-cache hash table entries: 2048 (order: 2, 16384 bytes)
[    2.457764] Initializing cgroup subsys io
[    2.465852] Initializing cgroup subsys memory
[    2.482165] Initializing cgroup subsys devices
[    2.485315] Initializing cgroup subsys freezer
[    2.486968] Initializing cgroup subsys net_cls
[    2.496806] Initializing cgroup subsys perf_event
[    2.510489] Initializing cgroup subsys net_prio
[    2.515526] Initializing cgroup subsys hugetlb
[    2.518219] Initializing cgroup subsys pids
[    2.519604] CPU: Physical Processor ID: 0
[    2.520902] CPU: Processor Core ID: 0
[    2.525837] mce: CPU supports 0 MCE banks
[    2.532853] Last level iTLB entries: 4KB 1024, 2MB 1024, 4MB 1024
[    2.536008] Last level dTLB entries: 4KB 1024, 2MB 1024, 4MB 1024, 1GB 4
[    2.540481] Freeing SMP alternatives memory: 32K (ffffffff820b8000 - ffffffff820c0000)
[    2.560866] ftrace: allocating 32120 entries in 126 pages
[    2.638048] smpboot: APIC(0) Converting physical 0 to logical package 0
[    2.642723] smpboot: Max logical packages: 1
[    2.669222] x2apic enabled
[    2.677423] Switched APIC routing to physical x2apic.
[    2.707459] ..TIMER: vector=0x30 apic1=0 pin1=2 apic2=-1 pin2=-1
[    2.825006] smpboot: CPU0: Intel(R) Core(TM) i5-4260U CPU @ 1.40GHz (family: 0x6, model: 0x45, stepping: 0x1)
[    2.831983] Performance Events: unsupported p6 CPU model 69 no PMU driver, software events only.
[    2.835914] KVM setup paravirtual spinlock
[    2.846240] x86: Booting SMP configuration:
[    2.851134] .... node  #0, CPUs:      #1
[    2.856198] kvm-clock: cpu 1, msr 0:3ffe3041, secondary cpu clock
[    2.859722] mce: CPU supports 0 MCE banks
[    2.862627] x86: Booted up 1 node, 2 CPUs
[    2.867449] smpboot: Total of 2 processors activated (7999.99 BogoMIPS)
[    2.881585] devtmpfs: initialized
[    2.885476] evm: security.selinux
[    2.891166] evm: security.SMACK64
[    2.906383] evm: security.SMACK64EXEC
[    2.914080] evm: security.SMACK64TRANSMUTE
[    2.921896] evm: security.SMACK64MMAP
[    2.923129] evm: security.ima
[    2.924130] evm: security.capability
[    2.925728] clocksource: jiffies: mask: 0xffffffff max_cycles: 0xffffffff, max_idle_ns: 7645041785100000 ns
[    2.934546] futex hash table entries: 512 (order: 3, 32768 bytes)
[    2.936976] pinctrl core: initialized pinctrl subsystem
[    2.941811] RTC time: 12:29:31, date: 06/12/17
[    2.960496] NET: Registered protocol family 16
[    2.986292] cpuidle: using governor ladder
[    2.999143] cpuidle: using governor menu
[    3.001980] PCCT header not found.
[    3.021888] ACPI: bus type PCI registered
[    3.031928] acpiphp: ACPI Hot Plug PCI Controller Driver version: 0.5
[    3.033940] PCI: Using configuration type 1 for base access
[    3.053825] ACPI: Added _OSI(Module Device)
[    3.075261] ACPI: Added _OSI(Processor Device)
[    3.080388] ACPI: Added _OSI(3.0 _SCP Extensions)
[    3.083318] ACPI: Added _OSI(Processor Aggregator Device)
[    3.092797] ACPI: Executed 1 blocks of module-level executable AML code
[    3.107451] ACPI: Interpreter enabled
[    3.119988] ACPI: (supports S0 S5)
[    3.128578] ACPI: Using IOAPIC for interrupt routing
[    3.139887] PCI: Using host bridge windows from ACPI; if necessary, use "pci=nocrs" and report a bug
[    3.165061] ACPI: PCI Root Bridge [PCI0] (domain 0000 [bus 00-ff])
[    3.173033] acpi PNP0A03:00: _OSC: OS supports [ASPM ClockPM Segments MSI]
[    3.185519] acpi PNP0A03:00: _OSC failed (AE_NOT_FOUND); disabling ASPM
[    3.190195] acpi PNP0A03:00: fail to add MMCONFIG information, can't access extended PCI configuration space under this bridge.
[    3.219744] PCI host bridge to bus 0000:00
[    3.230508] pci_bus 0000:00: root bus resource [io  0x0000-0x0cf7 window]
[    3.254027] pci_bus 0000:00: root bus resource [io  0x0d00-0xffff window]
[    3.258734] pci_bus 0000:00: root bus resource [mem 0x000a0000-0x000bffff window]
[    3.261017] pci_bus 0000:00: root bus resource [mem 0x40000000-0xffdfffff window]
[    3.283083] pci_bus 0000:00: root bus resource [bus 00-ff]
[    3.291288] pci 0000:00:01.1: legacy IDE quirk: reg 0x10: [io  0x01f0-0x01f7]
[    3.301386] pci 0000:00:01.1: legacy IDE quirk: reg 0x14: [io  0x03f6]
[    3.305341] pci 0000:00:01.1: legacy IDE quirk: reg 0x18: [io  0x0170-0x0177]
[    3.323199] pci 0000:00:01.1: legacy IDE quirk: reg 0x1c: [io  0x0376]
[    3.392513] pci 0000:00:07.0: quirk: [io  0x4000-0x403f] claimed by PIIX4 ACPI
[    3.408344] pci 0000:00:07.0: quirk: [io  0x4100-0x410f] claimed by PIIX4 SMB
[    3.470643] ACPI: PCI Interrupt Link [LNKA] (IRQs 5 9 10 *11)
[    3.500229] ACPI: PCI Interrupt Link [LNKB] (IRQs 5 9 10 *11)
[    3.507420] ACPI: PCI Interrupt Link [LNKC] (IRQs 5 9 *10 11)
[    3.526777] ACPI: PCI Interrupt Link [LNKD] (IRQs 5 *9 10 11)
[    3.528822] ACPI: Enabled 2 GPEs in block 00 to 07
[    3.530762] vgaarb: setting as boot device: PCI:0000:00:02.0
[    3.540013] vgaarb: device added: PCI:0000:00:02.0,decodes=io+mem,owns=io+mem,locks=none
[    3.557133] vgaarb: loaded
[    3.561499] vgaarb: bridge control possible 0000:00:02.0
[    3.574101] SCSI subsystem initialized
[    3.589725] ACPI: bus type USB registered
[    3.597855] usbcore: registered new interface driver usbfs
[    3.611273] usbcore: registered new interface driver hub
[    3.616762] usbcore: registered new device driver usb
[    3.621551] PCI: Using ACPI for IRQ routing
[    3.629044] NetLabel: Initializing
[    3.636238] NetLabel:  domain hash size = 128
[    3.643561] NetLabel:  protocols = UNLABELED CIPSOv4
[    3.653354] NetLabel:  unlabeled traffic allowed by default
[    3.669574] amd_nb: Cannot enumerate AMD northbridges
[    3.684164] clocksource: Switched to clocksource kvm-clock
[    3.701888] AppArmor: AppArmor Filesystem Enabled
[    3.704779] pnp: PnP ACPI init
[    3.708535] pnp: PnP ACPI: found 3 devices
[    3.763926] clocksource: acpi_pm: mask: 0xffffff max_cycles: 0xffffff, max_idle_ns: 2085701024 ns
[    3.854786] NET: Registered protocol family 2
[    3.866414] TCP established hash table entries: 8192 (order: 4, 65536 bytes)
[    3.889395] TCP bind hash table entries: 8192 (order: 5, 131072 bytes)
[    3.891410] TCP: Hash tables configured (established 8192 bind 8192)
[    3.899993] UDP hash table entries: 512 (order: 2, 16384 bytes)
[    3.902833] UDP-Lite hash table entries: 512 (order: 2, 16384 bytes)
[    3.907896] NET: Registered protocol family 1
[    3.910735] pci 0000:00:00.0: Limiting direct PCI/PCI transfers
[    3.915250] pci 0000:00:01.0: Activating ISA DMA hang workarounds
[    3.923404] Unpacking initramfs...
[    6.852936] Freeing initrd memory: 10748K (ffff880036af2000 - ffff880037571000)
[    6.888745] RAPL PMU detected, API unit is 2^-32 Joules, 4 fixed counters 10737418240 ms ovfl timer
[    6.891968] hw unit of domain pp0-core 2^-0 Joules
[    6.932230] hw unit of domain package 2^-0 Joules
[    6.991034] hw unit of domain dram 2^-0 Joules
[    7.005975] hw unit of domain pp1-gpu 2^-0 Joules
[    7.015997] platform rtc_cmos: registered platform RTC device (no PNP device found)
[    7.069702] Scanning for low memory corruption every 60 seconds
[    7.105943] audit: initializing netlink subsys (disabled)
[    7.137269] audit: type=2000 audit(1497270578.339:1): initialized
[    7.139695] Initialise system trusted keyring
[    7.178594] HugeTLB registered 2 MB page size, pre-allocated 0 pages
[    7.211063] zbud: loaded
[    7.259644] VFS: Disk quotas dquot_6.6.0
[    7.289149] VFS: Dquot-cache hash table entries: 512 (order 0, 4096 bytes)
[    7.323398] squashfs: version 4.0 (2009/01/31) Phillip Lougher
[    7.336736] fuse init (API version 7.23)
[    7.402922] Key type big_key registered
[    7.443791] Allocating IMA MOK and blacklist keyrings.
[    7.481605] Key type asymmetric registered
[    7.508873] Asymmetric key parser 'x509' registered
[    7.522040] Block layer SCSI generic (bsg) driver version 0.4 loaded (major 249)
[    7.565197] io scheduler noop registered
[    7.593136] io scheduler deadline registered (default)
[    7.594517] io scheduler cfq registered
[    7.597126] pci_hotplug: PCI Hot Plug PCI Core version: 0.5
[    7.598556] pciehp: PCI Express Hot Plug Controller Driver version: 0.4
[    7.600608] ACPI: AC Adapter [AC] (off-line)
[    7.624705] input: Power Button as /devices/LNXSYSTM:00/LNXPWRBN:00/input/input0
[    7.655417] ACPI: Power Button [PWRF]
[    7.688802] input: Sleep Button as /devices/LNXSYSTM:00/LNXSLPBN:00/input/input1
[    7.771058] ACPI: Sleep Button [SLPF]
[    7.803506] GHES: HEST is not enabled!
[    7.804724] ACPI: Battery Slot [BAT0] (battery present)
[    7.939433] Serial: 8250/16550 driver, 32 ports, IRQ sharing enabled
[    8.044548] tsc: Refined TSC clocksource calibration: 1999.288 MHz
[    8.147385] clocksource: tsc: mask: 0xffffffffffffffff max_cycles: 0x39a31b6b0d6, max_idle_ns: 881590736043 ns
[    8.283259] 00:02: ttyS0 at I/O 0x3f8 (irq = 4, base_baud = 115200) is a 16550A
[    8.356381] Linux agpgart interface v0.103
[    8.386861] loop: module loaded
[    8.435676] scsi host0: ata_piix
[    8.465785] scsi host1: ata_piix
[    8.484413] ata1: PATA max UDMA/33 cmd 0x1f0 ctl 0x3f6 bmdma 0xd000 irq 14
[    8.492100] ata2: PATA max UDMA/33 cmd 0x170 ctl 0x376 bmdma 0xd008 irq 15
[    8.507536] libphy: Fixed MDIO Bus: probed
[    8.515080] tun: Universal TUN/TAP device driver, 1.6
[    8.518383] tun: (C) 1999-2004 Max Krasnyansky <maxk@qualcomm.com>
[    8.544500] PPP generic driver version 2.4.2
[    8.551450] ehci_hcd: USB 2.0 'Enhanced' Host Controller (EHCI) Driver
[    8.554693] ehci-pci: EHCI PCI platform driver
[    8.566499] ehci-platform: EHCI generic platform driver
[    8.570344] ohci_hcd: USB 1.1 'Open' Host Controller (OHCI) Driver
[    8.572209] ohci-pci: OHCI PCI platform driver
[    8.573474] ohci-platform: OHCI generic platform driver
[    8.574957] uhci_hcd: USB Universal Host Controller Interface driver
[    8.599755] i8042: PNP: PS/2 Controller [PNP0303:PS2K,PNP0f03:PS2M] at 0x60,0x64 irq 1,12
[    8.638751] serio: i8042 KBD port at 0x60,0x64 irq 1
[    8.713450] serio: i8042 AUX port at 0x60,0x64 irq 12
[    8.764690] mousedev: PS/2 mouse device common for all mice
[    8.824980] rtc_cmos rtc_cmos: rtc core: registered rtc_cmos as rtc0
[    8.866575] rtc_cmos rtc_cmos: alarms up to one day, 114 bytes nvram
[    8.950561] i2c /dev entries driver
[    8.982540] input: AT Translated Set 2 keyboard as /devices/platform/i8042/serio0/input/input2
[    9.020299] device-mapper: uevent: version 1.0.3
[    9.103443] device-mapper: ioctl: 4.34.0-ioctl (2015-10-28) initialised: dm-devel@redhat.com
[    9.141235] ledtrig-cpu: registered to indicate activity on CPUs
[    9.198815] NET: Registered protocol family 10
[    9.249950] NET: Registered protocol family 17
[    9.274226] Key type dns_resolver registered
[    9.309140] microcode: CPU0 sig=0x40651, pf=0x40, revision=0x0
[    9.353587] microcode: CPU1 sig=0x40651, pf=0x40, revision=0x0
[    9.380611] microcode: Microcode Update Driver: v2.01 <tigran@aivazian.fsnet.co.uk>, Peter Oruba
[    9.419186] registered taskstats version 1
[    9.429044] Loading compiled-in X.509 certificates
[    9.445865] Loaded X.509 cert 'Build time autogenerated kernel key: 779fd75203f0d36b99b83c7328fac831ec7adf9e'
[    9.469529] zswap: loaded using pool lzo/zbud
[    9.487966] Key type trusted registered
[    9.504815] Key type encrypted registered
[    9.526419] AppArmor: AppArmor sha1 policy hashing enabled
[    9.533223] ima: No TPM chip found, activating TPM-bypass!
[    9.550718] evm: HMAC attrs: 0x1
[    9.563579]   Magic number: 5:100:481
[    9.576926] ata_device dev1.0: hash matches
[    9.584123]  dev1.0: hash matches
[    9.602678] rtc_cmos rtc_cmos: setting system clock to 2017-06-12 12:29:38 UTC (1497270578)
[    9.634629] BIOS EDD facility v0.16 2004-Jun-25, 0 devices found
[    9.662841] EDD information not available.
[    9.665568] Freeing unused kernel memory: 1484K (ffffffff81f45000 - ffffffff820b8000)
[    9.696388] Write protecting the kernel read-only data: 14336k
[    9.734704] Freeing unused kernel memory: 1760K (ffff880001848000 - ffff880001a00000)
[    9.798018] Freeing unused kernel memory: 112K (ffff880001de4000 - ffff880001e00000)
Loading, please wait...
starting version[    9.837457] random: systemd-udevd: uninitialized urandom read (16 bytes read, 4 bits of entropy available)
 229
[    9.838204] random: udevadm: uninitialized urandom read (16 bytes read, 4 bits of entropy available)
[    9.838241] random: udevadm: uninitialized urandom read (16 bytes read, 4 bits of entropy available)
[    9.838366] random: udevadm: uninitialized urandom read (16 bytes read, 4 bits of entropy available)
[    9.838413] random: udevadm: uninitialized urandom read (16 bytes read, 4 bits of entropy available)
[    9.838455] random: udevadm: uninitialized urandom read (16 bytes read, 4 bits of entropy available)
[    9.838496] random: udevadm: uninitialized urandom read (16 bytes read, 4 bits of entropy available)
[    9.838536] random: udevadm: uninitialized urandom read (16 bytes read, 4 bits of entropy available)
[    9.838578] random: udevadm: uninitialized urandom read (16 bytes read, 4 bits of entropy available)
[    9.838616] random: udevadm: uninitialized urandom read (16 bytes read, 4 bits of entropy available)
[   10.430033] e1000: Intel(R) PRO/1000 Network Driver - version 7.3.21-k8-NAPI
[   10.483606] e1000: Copyright (c) 1999-2006 Intel Corporation.
[   10.505331] Fusion MPT base driver 3.04.20
[   10.510879] Copyright (c) 1999-2008 LSI Corporation
[   10.569696] Fusion MPT SPI Host driver 3.04.20
[   10.607675] AVX version of gcm_enc/dec engaged.
[   10.632529] AES CTR mode by8 optimization enabled
[   10.821028] input: ImExPS/2 Generic Explorer Mouse as /devices/platform/i8042/serio1/input/input4
[   10.975665] e1000 0000:00:03.0 eth0: (PCI:33MHz:32-bit) 02:19:5c:9f:a4:65
[   11.078372] e1000 0000:00:03.0 eth0: Intel(R) PRO/1000 Network Connection
[   11.546335] e1000 0000:00:08.0 eth1: (PCI:33MHz:32-bit) 08:00:27:1c:59:e0
[   11.566843] e1000 0000:00:08.0 eth1: Intel(R) PRO/1000 Network Connection
[   11.592887] mptbase: ioc0: Initiating bringup
[   11.595656] e1000 0000:00:03.0 enp0s3: renamed from eth0
[   11.628754] e1000 0000:00:08.0 enp0s8: renamed from eth1
[   11.688647] ioc0: LSI53C1030 A0: Capabilities={Initiator}
[   11.900011] scsi host2: ioc0: LSI53C1030 A0, FwRev=00000000h, Ports=1, MaxQ=256, IRQ=20
[   12.069872] scsi 2:0:0:0: Direct-Access     VBOX     HARDDISK         1.0  PQ: 0 ANSI: 5
[   12.115766] scsi target2:0:0: Beginning Domain Validation
[   12.155172] scsi target2:0:0: Domain Validation skipping write tests
[   12.208770] scsi target2:0:0: Ending Domain Validation
[   12.235513] scsi target2:0:0: asynchronous
[   12.253319] scsi 2:0:1:0: Direct-Access     VBOX     HARDDISK         1.0  PQ: 0 ANSI: 5
[   12.307647] scsi target2:0:1: Beginning Domain Validation
[   12.358520] scsi target2:0:1: Domain Validation skipping write tests
[   12.389043] scsi target2:0:1: Ending Domain Validation
[   12.423576] scsi target2:0:1: asynchronous
[   12.454705] sd 2:0:0:0: Attached scsi generic sg0 type 0
[   12.469484] sd 2:0:0:0: [sda] 20971520 512-byte logical blocks: (10.7 GB/10.0 GiB)
[   12.490059] sd 2:0:0:0: [sda] Write Protect is off
[   12.490869] sd 2:0:1:0: [sdb] 20480 512-byte logical blocks: (10.5 MB/10.0 MiB)
[   12.491183] sd 2:0:1:0: [sdb] Write Protect is off
[   12.491326] sd 2:0:1:0: [sdb] Incomplete mode parameter data
[   12.491327] sd 2:0:1:0: [sdb] Assuming drive cache: write through
[   12.545215] sd 2:0:1:0: Attached scsi generic sg1 type 0
[   12.554104] sd 2:0:1:0: [sdb] Attached SCSI disk
[   12.645586] sd 2:0:0:0: [sda] Incomplete mode parameter data
[   12.647241] sd 2:0:0:0: [sda] Assuming drive cache: write through
[   12.659205]  sda: sda1
[   12.678755] sd 2:0:0:0: [sda] Attached SCSI disk
[   13.501560] floppy0: no floppy controllers found
Begin: Loading e[   14.996874] md: linear personality registered for level -1
ssential drivers[   15.038789] md: multipath personality registered for level -4
 ... [   15.089156] md: raid0 personality registered for level 0
[   15.097511] md: raid1 personality registered for level 1
[   15.200437] raid6: sse2x1   gen()  2426 MB/s
[   15.274274] raid6: sse2x1   xor()  4803 MB/s
[   15.364250] raid6: sse2x2   gen()  9004 MB/s
[   15.448623] raid6: sse2x2   xor()  5730 MB/s
[   15.528281] raid6: sse2x4   gen() 10453 MB/s
[   15.601265] raid6: sse2x4   xor()  6530 MB/s
[   15.625455] raid6: using algorithm sse2x4 gen() 10453 MB/s
[   15.627204] raid6: .... xor() 6530 MB/s, rmw enabled
[   15.630506] raid6: using ssse3x2 recovery algorithm
[   15.633549] xor: automatically using best checksumming function:
[   15.680733]    avx       : 18229.000 MB/sec
[   15.727778] async_tx: api initialized (async)
[   15.797989] md: raid6 personality registered for level 6
[   15.799468] md: raid5 personality registered for level 5
[   15.835639] md: raid4 personality registered for level 4
[   15.860552] md: raid10 personality registered for level 10
done.
Begin: Running /scripts/init-premount ... done.
Begin: Mounting root file system ... Begin: Running /scripts/local-top ... done.
Begin: Runnin[   15.906158] Btrfs loaded
g /scripts/local-premount ... Scanning for Btrfs filesystems
done.
Warning: fsck no[   16.002906] EXT4-fs (sda1): mounted filesystem with ordered data mode. Opts: (null)
t present, so skipping root file system
done.
Begin: Running /scripts/local-bottom ... done.
Begin: Running /scripts/init-bottom ... done.
[   16.185380] systemd[1]: systemd 229 running in system mode. (+PAM +AUDIT +SELINUX +IMA +APPARMOR +SMACK +SYSVINIT +UTMP +LIBCRYPTSETUP +GCRYPT +GNUTLS +ACL +XZ -LZ4 +SECCOMP +BLKID +ELFUTILS +KMOD -IDN)
[   16.303552] systemd[1]: Detected virtualization oracle.
[   16.374309] systemd[1]: Detected architecture x86-64.

Welcome to [1mUbuntu 16.04.2 LTS[0m!

[   16.435726] systemd[1]: Set hostname to <ubuntu>.
[   16.501386] systemd[1]: Initializing machine ID from random generator.
[   16.525757] systemd[1]: Installed transient /etc/machine-id file.
[   16.793613] systemd[1]: Started Forward Password Requests to Wall Directory Watch.
[[0;32m  OK  [0m] Started Forward Password Requests to Wall Directory Watch.
[   16.856959] systemd[1]: Listening on Device-mapper event daemon FIFOs.
[[0;32m  OK  [0m] Listening on Device-mapper event daemon FIFOs.
[   16.900342] systemd[1]: Listening on LVM2 metadata daemon socket.
[[0;32m  OK  [0m] Listening on LVM2 metadata daemon socket.
[   16.923917] systemd[1]: Listening on udev Kernel Socket.
[[0;32m  OK  [0m] Listening on udev Kernel Socket.
[   16.940319] systemd[1]: Created slice User and Session Slice.
[[0;32m  OK  [0m] Created slice User and Session Slice.
[   16.953447] systemd[1]: Listening on LVM2 poll daemon socket.
[[0;32m  OK  [0m] Listening on LVM2 poll daemon socket.
[   17.021097] systemd[1]: Listening on Journal Socket (/dev/log).
[[0;32m  OK  [0m] Listening on Journal Socket (/dev/log).
[   17.129462] systemd[1]: Set up automount Arbitrary Executable File Formats File System Automount Point.
[[0;32m  OK  [0m] Set up automount Arbitrary Executab...ats File System Automount Point.
[   17.278098] systemd[1]: Created slice System Slice.
[[0;32m  OK  [0m] Created slice System Slice.
[   17.300764] systemd[1]: Reached target Encrypted Volumes.
[[0;32m  OK  [0m] Reached target Encrypted Volumes.
[   17.373040] systemd[1]: Reached target User and Group Name Lookups.
[[0;32m  OK  [0m] Reached target User and Group Name Lookups.
[   17.385798] systemd[1]: Listening on Syslog Socket.
[[0;32m  OK  [0m] Listening on Syslog Socket.
[   17.395828] systemd[1]: Listening on /dev/initctl Compatibility Named Pipe.
[[0;32m  OK  [0m] Listening on /dev/initctl Compatibility Named Pipe.
[   17.406746] systemd[1]: Listening on udev Control Socket.
[[0;32m  OK  [0m] Listening on udev Control Socket.
[   17.422184] systemd[1]: Listening on Journal Socket.
[[0;32m  OK  [0m] Listening on Journal Socket.
[   17.465254] systemd[1]: Starting Remount Root and Kernel File Systems...
         Starting Remount Root and Kernel File Systems...
[   17.489383] systemd[1]: Starting Load Kernel Modules...
[   17.505805] EXT4-fs (sda1): re-mounted. Opts: (null)
[   17.541445] Loading iSCSI transport class v2.0-870.
         Starting Load Kernel Mo[   17.554872] iscsi: registered transport (tcp)
dules...
[   17.608691] systemd[1]: Starting Create list of required static device nodes for the current kernel...
         Starting Create list of required st... nodes for the current kernel...
[   17.657206] iscsi: registered transport (iser)
[   17.658099] systemd[1]: Mounting POSIX Message Queue File System...
         Mounting POSIX Message Queue File System...
[   17.760847] systemd[1]: Starting Set console keymap...
         Starting Set console keymap...
[   17.806810] systemd[1]: Mounting Debug File System...
[   17.833533] random: nonblocking pool is initialized
         Mounting Debug File System...
[   17.856027] systemd[1]: Mounting Huge Pages File System...
         Mounting Huge Pages File System...
[   17.865250] systemd[1]: Starting Uncomplicated firewall...
         Starting Uncomplicated firewall...
[   17.873896] systemd[1]: Starting Monitoring of LVM2 mirrors, snapshots etc. using dmeventd or progress polling...
         Starting Monitoring of LVM2 mirrors... dmeventd or progress polling...
[   17.928827] systemd[1]: Starting Nameserver information manager...
         Starting Nameserver information manager...
[   17.944337] systemd[1]: Listening on Journal Audit Socket.
[[0;32m  OK  [0m] Listening on Journal Audit Socket.
[   18.008877] systemd[1]: Starting Journal Service...
         Starting Journal Service...
[   18.077465] systemd[1]: Created slice system-serial\x2dgetty.slice.
[[0;32m  OK  [0m] Created slice system-serial\x2dgetty.slice.
[   18.184824] systemd[1]: Started Trigger resolvconf update for networkd DNS.
[[0;32m  OK  [0m] Started Trigger resolvconf update for networkd DNS.
[   18.317201] systemd[1]: Reached target Slices.
[[0;32m  OK  [0m] Reached target Slices.
[   18.393063] systemd[1]: Reached target Swap.
[[0;32m  OK  [0m] Reached target Swap.
[   18.513953] systemd[1]: Mounted Huge Pages File System.
[[0;32m  OK  [0m] Mounted Huge Pages File System.
[   18.577993] systemd[1]: Mounted Debug File System.
[[0;32m  OK  [0m] Mounted Debug File System.
[   18.661220] systemd[1]: Mounted POSIX Message Queue File System.
[[0;32m  OK  [0m] Mounted POSIX Message Queue File System.
[   18.711888] systemd[1]: Started Journal Service.
[[0;32m  OK  [0m] Started Journal Service.
[[0;32m  OK  [0m] Started Remount Root and Kernel File Systems.
[[0;32m  OK  [0m] Started Load Kernel Modules.
[[0;32m  OK  [0m] Started Create list of required sta...ce nodes for the current kernel.
[[0;32m  OK  [0m] Started Set console keymap.
[[0;32m  OK  [0m] Started Uncomplicated firewall.
[[0;32m  OK  [0m] Started Nameserver information manager.
[[0;32m  OK  [0m] Started LVM2 metadata daemon.
         Starting Create Static Device Nodes in /dev...
         Mounting FUSE Control File System...
         Starting Apply Kernel Variables...
         Starting Load/Save Random Seed...
         Starting Initial cloud-init job (pre-networking)...
         Starting udev Coldplug all Devices...
         Starting Flush Journal to Persistent Storage...
[[0;32m  OK  [0m] Mounted FUSE Control File System.
[[0;32m  OK  [0m] Started Monitoring of LVM2 mirrors,...ng dmeventd or progress polling.
[[0;32m  OK  [0m] Started Create Static Device Nodes in /dev.
[[0;32m  OK  [0m] Started Apply Kernel Variables.
[[0;32m  OK  [0m] Started Load/Save Random Seed.
[[0;32m  OK  [0m] Started udev Coldplug all Devices.
[[0;32m  OK  [0m] Started Flush Journal to Persistent Storage.
         Starting udev Kernel Device Manager...
[[0;32m  OK  [0m] Started udev Kernel Device Manager.
[[0;32m  OK  [0m] Started Dispatch Password Requests to Console Directory Watch.
[[0;32m  OK  [0m] Reached target Local File Systems (Pre).
[[0;32m  OK  [0m] Reached target Local File Systems.
         Starting LSB: AppArmor initialization...
         Starting Commit a transient machine-id on disk...
         Starting Set console font and keymap...
         Starting Tell Plymouth To Write Out Runtime Data...
         Starting Create Volatile Files and Directories...
[[0;32m  OK  [0m] Started Commit a transient machine-id on disk.
[[0;32m  OK  [0m] Started Tell Plymouth To Write Out Runtime Data.
[[0;32m  OK  [0m] Started Create Volatile Files and Directories.
[[0;32m  OK  [0m] Reached target System Time Synchronized.
         Starting Update UTMP about System Boot/Shutdown...
[[0;32m  OK  [0m] Started Update UTMP about System Boot/Shutdown.
[[0;32m  OK  [0m] Found device /dev/ttyS0.
[[0;32m  OK  [0m] Listening on Load/Save RF Kill Switch Status /dev/rfkill Watch.
[[0;1;31mFAILED[0m] Failed to start Set console font and keymap.
See 'systemctl status console-setup.service' for details.
[[0;32m  OK  [0m] Created slice system-getty.slice.
[   18.784345] cloud-init[448]: Cloud-init v. 0.7.9 running 'init-local' at Mon, 12 Jun 2017 12:29:50 +0000. Up 18.26 seconds.
[[0;32m  OK  [0m] Started LSB: AppArmor initialization.
[[0;32m  OK  [0m] Started Initial cloud-init job (pre-networking).
[[0;32m  OK  [0m] Reached target Network (Pre).
         Starting Raise network interfaces...
[[0;32m  OK  [0m] Started Raise network interfaces.
         Starting Initial cloud-init job (metadata service crawler)...
[[0;32m  OK  [0m] Reached target Network.
[   21.346135] cloud-init[922]: Cloud-init v. 0.7.9 running 'init' at Mon, 12 Jun 2017 12:29:52 +0000. Up 20.70 seconds.
[   21.413077] cloud-init[922]: ci-info: ++++++++++++++++++++++++++++++++++++++Net device info++++++++++++++++++++++++++++++++++++++
[[0;32m  OK  [0m] Started Initial cloud-init job (metadata service crawler).
[[0;32m  OK  [0m] Reached target Network is Online.
[   21.462601] cloud-init[922]: ci-info: +--------+-------+----------------------------+---------------+-------+-------------------+
[   21.633152] cloud-init[922]: ci-info: | Device |   Up  |          Address           |      Mask     | Scope |     Hw-Address    |
         Starting iSCSI initiator daemon (iscsid)...
[[0;32m  OK  [0m] Reached target Cloud-config availability.
[   21.722734] cloud-init[922]: ci-info: +--------+-------+----------------------------+---------------+-------+-------------------+
[   21.952789] cloud-init[922]: ci-info: |   lo   |  True |         127.0.0.1          |   255.0.0.0   |   .   |         .         |
[[0;32m  OK  [0m] Reached target System Initialization.
[[0;32m  OK  [0m] Listening on UUID daemon activation socket.
[[0;32m  OK  [0m] Listening on ACPID Listen Socket.
[   21.962531] cloud-init[922]: ci-info: |   lo   |  True |          ::1/128           |       .       |  host |         .         |
[   22.100576] cloud-init[922]: ci-info: | enp0s8 | False |             .              |       .       |   .   | 08:00:27:1c:59:e0 |
[[0;32m  OK  [0m] Started Daily Cleanup of Temporary Directories.
[   22.179617] cloud-init[922]: ci-info: | enp0s3 |  True |         10.0.2.15          | 255.255.255.0 |   .   | 02:19:5c:9f:a4:65 |
[   22.268770] cloud-init[922]: ci-info: | enp0s3 |  True | fe80::19:5cff:fe9f:a465/64 |       .       |  link | 02:19:5c:9f:a4:65 |
[   22.324750] cloud-init[922]: ci-info: +--------+-------+----------------------------+---------------+-------+-------------------+
         Starting LXD - unix socket.
[   22.401063] cloud-init[922]: ci-info: +++++++++++++++++++++++++++Route IPv4 info++++++++++++++++++++++++++++
[[0;32m  OK  [0m] Started ACPI Events Check.
[[0;32m  OK  [0m] Reached target Paths.
[[0;32m  OK  [0m] Started Daily apt activities.
[[0;32m  OK  [0m] Started Timer to automatically refresh installed snaps.
[[0;32m  OK  [0m] Reached target Timers.
[[0;32m  OK  [0m] Listening on D-Bus System Message Bus Socket.
         Starting Socket activation for snappy daemon.
[   22.483167] cloud-init[922]: ci-info: +-------+-------------+----------+---------------+-----------+-------+
[   22.716846] [cloud-init[0;32m  OK  [0m[922]: ] ci-info: | Route | Destination | Gateway  |    Genmask    | Interface | Flags |Listening on LXD - unix socket.

[[0;32m  OK  [0m] Listening on Socket activation for snappy daemon.
[[0;32m  OK  [0m] Started iSCSI initiator daemon (iscsid).
[   22.718024] cloud-init[922]: ci-info: +-------+-------------+----------+---------------+-----------+-------+
[   22.828804] cloud-init[922]: ci-info: |   0   |   0.0.0.0   | 10.0.2.2 |    0.0.0.0    |   enp0s3  |   UG  |
         Starting Login to default iSCSI targets...
[[0;32m  OK  [0m] Reached target Sockets.
[[0;32m  OK  [0m] Reached target Basic System.
[   22.830289] cloud-init[922]: ci-info: |   1   |   10.0.2.0  | 0.0.0.0  | 255.255.255.0 |   enp0s3  |   U   |
[[0;32m  OK  [0m] Started D-Bus System Message Bus.
[   23.051863] cloud-init[922]: ci-info: +-------+-------------+----------+---------------+-----------+-------+
[   23.142769]          cloud-initStarting LSB: MD monitoring daemon...[922]: 
Generating public/private rsa key pair.
[   23.220913] [cloud-init[0;32m  OK  [0m[922]: ] Your identification has been saved in /etc/ssh/ssh_host_rsa_key.Started Unattended Upgrades Shutdown.

[   23.222035] cloud-init[922]: Your public key has been saved in /etc/ssh/ssh_host_rsa_key.pub.
[   23.316907]          cloud-initStarting System Logging Service...[922]: 
The key fingerprint is:
         Starting Apply the settings specified in cloud-config...
[   23.383056] cloud-init[922]: SHA256:XJ9OHvo3X1Ri34fEeELlgc+xz+XNrSiNUPsFRG39vCg root@ubuntu-xenial
[   23.477553]          cloud-initStarting LXD - container startup/shutdown...[922]: 
The key's randomart image is:
[   23.478271] cloud-init[922]: +---[RSA 2048]----+
[   23.528451] [cloud-init[0;32m  OK  [0m[922]: ] |           .o+o. |Started Regular background program processing daemon.

[   23.529162] cloud-init[922]: |           .o++..|
[   23.602586]          cloud-initStarting Login Service...[922]: 
|          ..o+B+o|
[[0;32m  OK  [0m] Started Snappy daemon.
[   23.633522] cloud-init[922]: |       . ....*++*|
[   23.656463] cloud-init[922]: |        S. .=.o=X|
[   23.694594]          cloud-initStarting LSB: Record successful boot for GRUB...[922]: 
|        . .E o.oO|
[   23.695775] cloud-init[922]: |         ..++o ..|
[   23.828512]          cloud-initStarting /etc/rc.local Compatibility...[922]: 
|          o.+ + .|
[   23.848679]          Starting Accounts Service...
cloud-init[922]: |           ... o.|
[   23.859233]          cloud-initStarting Auto import assertions from block devices...[922]: 
+----[SHA256]-----+
[   23.874455] [cloud-init[0;32m  OK  [0m[922]: ] Generating public/private dsa key pair.Started Deferred execution scheduler.

[   23.874909] cloud-init[922]: Your identification has been saved in /etc/ssh/ssh_host_dsa_key.
[   23.988621] [cloud-init[0;32m  OK  [0m[922]: ] Your public key has been saved in /etc/ssh/ssh_host_dsa_key.pub.Started FUSE filesystem for LXC.

[   23.989564] cloud-init[922]: The key fingerprint is:
[   24.093811]          cloud-initStarting Pollinate to seed the pseudo random number generator...[922]: 
SHA256:2Mx5lOlyQR2VGmKvyQ0x76UVC7653eRs1LQ+otZJWcs root@ubuntu-xenial
[[0;32m  OK  [0m] Started ACPI event daemon.
[[0;32m  OK  [0m] Started System Logging Service.
[[0;32m  OK  [0m] Started LXD - container startup/shutdown.
[[0;32m  OK  [0m] Started /etc/rc.local Compatibility.
[[0;32m  OK  [0m] Started Auto import assertions from block devices.
[   24.124664] cloud-init[922]: The key's randomart image is:
[   24.328458] cloud-init[922]: +---[DSA 1024]----+
[   24.381033] cloud-init[922]: |          ...o.. |
[[0;32m  OK  [0m] Started Login to default iSCSI targets.
[[0;32m  OK  [0m] Started LSB: MD monitoring daemon.
[   24.427035] cloud-init[922]: |         .=o+ o  |
[   24.530767] cloud-init[922]: |         .=B + o |
[   24.552597] cloud-init[922]: |       = +..= +..|
[   24.560804] cloud-init[922]: |      . S.+* *+.+|
[   24.569531] cloud-init[922]: |         ++ *o E+|
[   24.575955] cloud-init[922]: |            ooo* |
[   24.601392] cloud-init[922]: |           ..+.o=|
[[0;32m  OK  [0m] [   24.608449] cloud-init[922]: |          ... ...|
[   24.610228] cloud-init[922]: +----[SHA256]-----+
Started LSB: Record successful boot for GRUB.
[   24.617471] cloud-init[922]: Generating public/private ecdsa key pair.
[   24.633140] cloud-init[922]: Your identification has been saved in /etc/ssh/ssh_host_ecdsa_key.
[   24.634499] cloud-init[922]: Your public key has been saved in /etc/ssh/ssh_host_ecdsa_key.pub.
[   24.638459] cloud-init[922]: The key fingerprint is:
[   24.643578] cloud-init[922]: SHA256:7EUycjJfpjA0qMSTeHEJWFtJrWviSAB0Dt63sg561Rk root@ubuntu-xenial
[   24.643756] cloud-init[922]: The key's randomart image is:
[   24.643988] cloud-init[922]: +---[ECDSA 256]---+
[   24.644237] cloud-init[922]: |.B+*+=o          |
[   24.644366] cloud-init[922]: |= @++...         |
[   24.644559] cloud-init[922]: |.+.= o* + +      |
[   24.644809] cloud-init[922]: |. . o EX B       |
[   24.645118] cloud-init[922]: |.  . + oS .      |
[   24.645324] cloud-init[922]: | .. * o. .       |
[   24.645636] cloud-init[922]: |.+ =    .        |
[   24.645936] cloud-init[922]: |o =              |
[   24.646083] cloud-init[922]: |.. .             |
[   24.646275] cloud-init[922]: +----[SHA256]-----+
[   24.646578] cloud-init[922]: Generating public/private ed25519 key pair.
[   24.646743] cloud-init[922]: Your identification has been saved in /etc/ssh/ssh_host_ed25519_key.
[   24.646853] cloud-init[922]: Your public key has been saved in /etc/ssh/ssh_host_ed25519_key.pub.
[   24.646936] cloud-init[922]: The key fingerprint is:
[   24.647015] cloud-init[922]: SHA256:Htabjm2EIceyZAMBYKkYjG2Y+quy56FwvNOZd3mrsb4 root@ubuntu-xenial
[   24.647094] cloud-init[922]: The key's randomart image is:
[   24.647169] cloud-init[922]: +--[ED25519 256]--+
[   24.647244] cloud-init[922]: |+*o...           |
[   24.647320] cloud-init[922]: |*oo .            |
[   24.647402] cloud-init[922]: |+o   . .         |
[   24.647503] cloud-init[922]: |+     * +.       |
[   24.647889] cloud-init[922]: | .   o *So.      |
[   24.648971] cloud-init[922]: | ..   .o...o     |
[[0;32m  OK  [0m] Started Login Service.
[   24.649985] cloud-init[922]: |. +o o  ooo      |
[   24.774641] cloud-init[922]: |oo+o+ . o*o      |
[   24.777863] cloud-init[922]: |==o. . oE=+.     |
[   24.783432] cloud-init[922]: +----[SHA256]-----+
[[   24.793615] cloud-init[1031]: Generating locales (this might take a while)...
[0;32m  OK  [0m] Started Pollinate to seed the pseudo random number generator.
         Starting OpenBSD Secure Shell server...
         Starting Authenticate and Authorize Users to Run Privileged Tasks...
[[0;32m  OK  [0m] Reached target Remote File Systems (Pre).
[[0;32m  OK  [0m] Reached target Remote File Systems.
         Starting Permit User Sessions...
         Starting LSB: Set the CPU Frequency Scaling governor to "ondemand"...
         Starting LSB: automatic crash report generation...
         Starting LSB: VirtualBox Linux Additions...
         Starting LSB: daemon to balance interrupts for SMP systems...
[[0;32m  OK  [0m] Started OpenBSD Secure Shell server.
[[0;32m  OK  [0m] Started Permit User Sessions.
[[0;32m  OK  [0m] Started Authenticate and Authorize Users to Run Privileged Tasks.
[[0;32m  OK  [0m] Started Accounts Service.
[[0;32m  OK  [0m] Started LSB: Set the CPU Frequency Scaling governor to "ondemand".
         Starting Terminate Plymouth Boot Screen...
         Starting Hold until boot process finishes up...
[[0;32m  OK  [0m] Started LSB: automatic crash report generation.
[[0;32m  OK  [0m] Started LSB: daemon to balance interrupts for SMP systems.
[[0;32m  OK  [0m] Started Terminate Plymouth Boot Screen.
[[0;32m  OK  [0m] Started Hold until boot process finishes up.
         Starting Set console scheme...
[[0;32m  OK  [0m] Started Serial Getty on ttyS0.
[[0;32m  OK  [0m] Started Getty on tty1.
[[0;32m  OK  [0m] Reached target Login Prompts.
[[0;32m  OK  [0m] Started Set console scheme.
[[0;32m  OK  [0m] Started LSB: VirtualBox Linux Additions.
[[0;32m  OK  [0m] Reached target Multi-User System.
[[0;32m  OK  [0m] Reached target Graphical Interface.
         Starting Update UTMP about System Runlevel Changes...
[[0;32m  OK  [0m] Started Update UTMP about System Runlevel Changes.
[   25.859196] cloud-init[1031]:   en_US.UTF-8... done
[   25.867340] cloud-init[1031]: Generation complete.
         Stopping OpenBSD Secure Shell server...
[[0;32m  OK  [0m] Stopped OpenBSD Secure Shell server.
         Starting OpenBSD Secure Shell server...
[[0;32m  OK  [0m] Started OpenBSD Secure Shell server.
[[0;32m  OK  [0m] Created slice User Slice of ubuntu.
         Starting User Manager for UID 1000...
[[0;32m  OK  [0m] Started Session 1 of user ubuntu.
[[0;32m  OK  [0m] Started User Manager for UID 1000.
[   26.533027] cloud-init[1031]: Cloud-init v. 0.7.9 running 'modules:config' at Mon, 12 Jun 2017 12:29:55 +0000. Up 23.81 seconds.
[[0;32m  OK  [0m] Started Apply the settings specified in cloud-config.
         Starting Execute cloud user/final scripts...
ci-info: no authorized ssh keys fingerprints found for user ubuntu.
<14>Jun 12 12:29:59 ec2: 
<14>Jun 12 12:29:59 ec2: #############################################################
<14>Jun 12 12:29:59 ec2: -----BEGIN SSH HOST KEY FINGERPRINTS-----
<14>Jun 12 12:29:59 ec2: 1024 SHA256:2Mx5lOlyQR2VGmKvyQ0x76UVC7653eRs1LQ+otZJWcs root@ubuntu-xenial (DSA)
<14>Jun 12 12:29:59 ec2: 256 SHA256:7EUycjJfpjA0qMSTeHEJWFtJrWviSAB0Dt63sg561Rk root@ubuntu-xenial (ECDSA)
<14>Jun 12 12:29:59 ec2: 256 SHA256:Htabjm2EIceyZAMBYKkYjG2Y+quy56FwvNOZd3mrsb4 root@ubuntu-xenial (ED25519)
<14>Jun 12 12:29:59 ec2: 2048 SHA256:XJ9OHvo3X1Ri34fEeELlgc+xz+XNrSiNUPsFRG39vCg root@ubuntu-xenial (RSA)
<14>Jun 12 12:29:59 ec2: -----END SSH HOST KEY FINGERPRINTS-----
<14>Jun 12 12:29:59 ec2: #############################################################
-----BEGIN SSH HOST KEY KEYS-----
ecdsa-sha2-nistp256 AAAAE2VjZHNhLXNoYTItbmlzdHAyNTYAAAAIbmlzdHAyNTYAAABBBNlFYzqAnM02t9RAXi3vZOMNyW/7Skt9gLnKsWUi794xvLKlBoWSCWjQKuTjdARJFNNj8nE5aUrc4PtYnAvS+A4= root@ubuntu-xenial
ssh-ed25519 AAAAC3NzaC1lZDI1NTE5AAAAIErWMjmafcQsl/jScVHJLMc+7jbLPVfD5WfKsd9OQcr5 root@ubuntu-xenial
ssh-rsa AAAAB3NzaC1yc2EAAAADAQABAAABAQC/Pl320lgMseUbOHVyfPekC9cG8VLkc/0sgiKblhjRc2xLndLU0MnV7sHh51vOQ3ZEPIHTUW1SYeMiZ2loCOMsQAU2k7vCFhUObhv8VSHrGnfGWkP0eV4SW5jq5ejWGfAw0kZ1D5mQ/o1pm/n1eA4BqAu4qWw8zePqd5pdHaLqa35KXrAkwP+/l1JqY3Nmg2i8ezWxPRGQwGla1hb/7nIJ5na9b81ZOufu0q0ZrezBiwePKYpGIDgvL6UdPwx4MFc2/IGbLc9ZWQ5GdWf3AsgCYFb8mECizWLkiRhdQpHBy89YZ6NLwrQ0sRvDi31DXkxMwivMiny8+/b0npIaJLcv root@ubuntu-xenial
-----END SSH HOST KEY KEYS-----
[   27.815675] cloud-init[1362]: Cloud-init v. 0.7.9 running 'modules:final' at Mon, 12 Jun 2017 12:29:59 +0000. Up 27.38 seconds.
[   27.837341] cloud-init[1362]: ci-info: no authorized ssh keys fingerprints found for user ubuntu.
[   27.900614] cloud-init[1362]: Cloud-init v. 0.7.9 finished at Mon, 12 Jun 2017 12:29:59 +0000. Datasource DataSourceNoCloud [seed=/dev/sdb][dsmode=net].  Up 27.79 seconds
[[0;32m  OK  [0m] Started Execute cloud user/final scripts.
[[0;32m  OK  [0m] Reached target Cloud-init target.

Ubuntu 16.04.2 LTS ubuntu-xenial ttyS0

ubuntu-xenial login: 